#-----------------------------------------------------------
# Vivado v2020.1 (64-bit)
# SW Build 2902540 on Wed May 27 19:54:49 MDT 2020
# IP Build 2902112 on Wed May 27 22:43:36 MDT 2020
# Start of session at: Sun Oct  9 18:38:39 2022
# Process ID: 16104
# Current directory: D:/schoolfiles/School/cpe 133/exp3/Ripple_Carry_adder
# Command line: vivado.exe -gui_launcher_event rodinguilauncherevent21108 D:\schoolfiles\School\cpe 133\exp3\Ripple_Carry_adder\Ripple_Carry_adder.xpr
# Log file: D:/schoolfiles/School/cpe 133/exp3/Ripple_Carry_adder/vivado.log
# Journal file: D:/schoolfiles/School/cpe 133/exp3/Ripple_Carry_adder\vivado.jou
#-----------------------------------------------------------
start_gui
open_project {D:/schoolfiles/School/cpe 133/exp3/Ripple_Carry_adder/Ripple_Carry_adder.xpr}
update_compile_order -fileset sources_1
open_project {D:/schoolfiles/School/cpe 133/exp4/BCD-to-Seven-Segment Decoder/BCD-to-Seven-Segment Decoder.xpr}
update_compile_order -fileset sources_1
close_project
